> show dbs
Chicago     1.485GB
PizzeriaDB  0.000GB
Sessions    0.000GB
admin       0.000GB
config      0.000GB
dbdquotes   0.000GB
fileStore   0.000GB
knowledge   0.000GB
local       0.000GB
test        0.003GB
> use webdev
switched to db webdev
> db.movies.insert({title: 'Aliens', rating: 4.5})
WriteResult({ "nInserted" : 1 })
> show dbs
Chicago     1.485GB
PizzeriaDB  0.000GB
Sessions    0.000GB
admin       0.000GB
config      0.000GB
dbdquotes   0.000GB
fileStore   0.000GB
knowledge   0.000GB
local       0.000GB
test        0.003GB
webdev      0.000GB
> db.movies.insertMany([{title: 'Terminator', rating: 4.8}, {title: 'Avatar', rating: 4.7}, {title: 'Dune', rating: 4.9}] )
{
        "acknowledged" : true,
        "insertedIds" : [
                ObjectId("61a07c02e26ab42c280efbc8"),
                ObjectId("61a07c02e26ab42c280efbc9"),
                ObjectId("61a07c02e26ab42c280efbca")
        ]
}
> db.movies.find()
{ "_id" : ObjectId("61a07ae0e26ab42c280efbc7"), "title" : "Aliens", "rating" : 4.5 }
{ "_id" : ObjectId("61a07c02e26ab42c280efbc8"), "title" : "Terminator", "rating" : 4.8 }
{ "_id" : ObjectId("61a07c02e26ab42c280efbc9"), "title" : "Avatar", "rating" : 4.7 }
{ "_id" : ObjectId("61a07c02e26ab42c280efbca"), "title" : "Dune", "rating" : 4.9 }
> db.movies.find({title: 'Aliens'});
{ "_id" : ObjectId("61a07ae0e26ab42c280efbc7"), "title" : "Aliens", "rating" : 4.5 }
> db.movies.updateOne({title: 'Avatar'}, {$set: {rating: 4.9}})
{ "acknowledged" : true, "matchedCount" : 1, "modifiedCount" : 1 }
> db.movies.find()
{ "_id" : ObjectId("61a07ae0e26ab42c280efbc7"), "title" : "Aliens", "rating" : 4.5 }
{ "_id" : ObjectId("61a07c02e26ab42c280efbc8"), "title" : "Terminator", "rating" : 4.8 }
{ "_id" : ObjectId("61a07c02e26ab42c280efbc9"), "title" : "Avatar", "rating" : 4.9 }
{ "_id" : ObjectId("61a07c02e26ab42c280efbca"), "title" : "Dune", "rating" : 4.9 }
> db.movies.find().pretty()
{
        "_id" : ObjectId("61a07ae0e26ab42c280efbc7"),
        "title" : "Aliens",
        "rating" : 4.5
}
{
        "_id" : ObjectId("61a07c02e26ab42c280efbc8"),
        "title" : "Terminator",
        "rating" : 4.8
}
{
        "_id" : ObjectId("61a07c02e26ab42c280efbc9"),
        "title" : "Avatar",
        "rating" : 4.9
}
{
        "_id" : ObjectId("61a07c02e26ab42c280efbca"),
        "title" : "Dune",
        "rating" : 4.9
}
> db.movies.deleteOne({"_id" : ObjectId("61a07ae0e26ab42c280efbc7")})
{ "acknowledged" : true, "deletedCount" : 1 }
> db.movies.find().pretty()
{
        "_id" : ObjectId("61a07c02e26ab42c280efbc8"),
        "title" : "Terminator",
        "rating" : 4.8
}
{
        "_id" : ObjectId("61a07c02e26ab42c280efbc9"),
        "title" : "Avatar",
        "rating" : 4.9
}
{
        "_id" : ObjectId("61a07c02e26ab42c280efbca"),
        "title" : "Dune",
        "rating" : 4.9
}


> use webdev
switched to db webdev
> db.posts.insert({
...     "userName": "ReactJS",
...     "handle": "ReactJS",
...     "time": "2h",
...     "title": "React.js is a component based front end library that makes it very easy to build Single Page Applications or SPAs",
...     "desc1": "Lorem ipsum dolor sit amet, consectetur adipiscing elit, sed do eiusmod tempor incididunt ut labore et dolore magna aliqua. Ut enim ad minim veniam, quis nostrud exercitation ullamco laboris nisi ut aliquip ex ea commodo consequat. Duis aute irure dolor in reprehenderit in voluptate velit esse cillum dolore eu fugiat nulla pariatur.",
...     "link": "unKvMC3Y1kI",
...     "userImage": "/images/react.png",
...     "comments": 123,
...     "retweets": 234,
...     "likes": 345
... }
... );
WriteResult({ "nInserted" : 1 })
> db.posts.find().pretty()
{
        "_id" : ObjectId("61a0ac0ae26ab42c280efbcb"),
        "userName" : "Elon Musk",
        "userImage" : "https://media.wired.com/photos/5ed2b8129948303154121fe5/master/pass/Science_SpaceX-Launch-AP_20151700829737.jpg",
        "handle" : "elonmusk",
        "time" : "23h",
        "title" : "Amazing show about #B@inspiration4x#B mission!",
        "image" : "https://cdn.mos.cms.futurecdn.net/fw5Jv3kTVpuEwTBcWyMVg6.jpg",
        "desc1" : "Countdown: Inspiration4 Mission to Space | Netflix Official Site",
        "desc2" : "The Hatch Act, a law that prevents federal employees from engaging in some political activities while they are working in an official capacity, is discussed following comments by former press secretary Kayleigh McEnany regarding a White House...",
        "link" : "netflix.com",
        "comments" : 1200,
        "retweets" : 2500,
        "likes" : 4
}
{
        "_id" : ObjectId("61a0ac0ae26ab42c280efbcc"),
        "userName" : "New York Post",
        "userImage" : "https://variety.com/wp-content/uploads/2020/10/New-York-Post-Twitter.png",
        "handle" : "nypost",
        "title" : "Grimes seen reading Karl Marx following split with world's richest man Elon Musk #Btnb.ai/nx@GafQN#B",
        "time" : "23h",
        "image" : "https://nypost.com/wp-content/uploads/sites/2/2021/10/grimes-05.jpg?quality=90&strip=all",
        "desc1" : "",
        "desc2" : "",
        "link" : "",
        "comments" : 12000,
        "retweets" : 3400,
        "likes" : 37500
}
{
        "_id" : ObjectId("61a0ae193305e4eadec9d4cf"),
        "userName" : "ReactJS",
        "handle" : "ReactJS",
        "time" : "2h",
        "title" : "React.js is a component based front end library that makes it very easy to build Single Page Applications or SPAs",
        "desc1" : "Lorem ipsum dolor sit amet, consectetur adipiscing elit, sed do eiusmod tempor incididunt ut labore et dolore magna aliqua. Ut enim ad minim veniam, quis nostrud exercitation ullamco laboris nisi ut aliquip ex ea commodo consequat. Duis aute irure dolor in reprehenderit in voluptate velit esse cillum dolore eu fugiat nulla pariatur.",
        "link" : "unKvMC3Y1kI",
        "userImage" : "/images/react.png",
        "comments" : 123,
        "retweets" : 234,
        "likes" : 345
}

db.profile.insert([ { "firstName": "Jose", "lastName": "Annunziato", "handle": "jannunzi", "profilePicture": "/images/dp.png", "bannerPicture": "https://pbs.twimg.com/profile_banners/2566935066/1619383510/1080x360", "bio": "Faculty, Software Engineer, AI, Space, and renewable enthusiast. Retweets and likes are not endorsements.", "website": "youtube.com/webdevtv", "location": "Boston, MA", "dateOfBirth": "7/7/1968", "dateJoined": "4/2009", "followingCount": 312, "followersCount": 180 } ])
BulkWriteResult({
        "writeErrors" : [ ],
        "writeConcernErrors" : [ ],
        "nInserted" : 1,
        "nUpserted" : 0,
        "nMatched" : 0,
        "nModified" : 0,
        "nRemoved" : 0,
        "upserted" : [ ]
})
db.profile.find()
{ "_id" : ObjectId("61a463213305e4eadec9d4d5"), "firstName" : "Jose", "lastName" : "Annunziato", "handle" : "jannunzi", "profilePicture" : "/images/dp.png", "bannerPicture" : "https://pbs.twimg.com/profile_banners/2566935066/1619383510/1080x360", "bio" : "Faculty, Software Engineer, AI, Space, and renewable enthusiast. Retweets and likes are not endorsements.", "website" : "youtube.com/webdevtv", "location" : "Boston, MA", "dateOfBirth" : ISODate("2021-11-11T05:00:00Z"), "dateJoined" : "4/2009", "followingCount" : 312, "followersCount" : 180 }

 db.who.insertMany([
...     {
...         "avatarIcon": "/images/java.jpg",
...         "userName": "Java",
...         "handle": "Java"
...     },
...     {
...         "avatarIcon": "/images/relativity.jpg",
...         "userName": "Relativity Space",
...         "handle": "relativityspace"
...     },
...     {
...         "avatarIcon": "/images/virgin.jpg",
...         "userName": "Virgin Galactic",
...         "handle": "virgingalactic"
...     },
...     {
...         "avatarIcon": "/images/nasa.jpg",
...         "userName": "NASA",
...         "handle": "NASA"
...     },
...     {
...         "avatarIcon": "/images/tesla.jpg",
...         "userName": "Tesla",
...         "handle": "Tesla"
...     }
... ])
{
        "acknowledged" : true,
        "insertedIds" : [
                ObjectId("61a2b88b3305e4eadec9d4d0"),
                ObjectId("61a2b88b3305e4eadec9d4d1"),
                ObjectId("61a2b88b3305e4eadec9d4d2"),
                ObjectId("61a2b88b3305e4eadec9d4d3"),
                ObjectId("61a2b88b3305e4eadec9d4d4")
        ]
}